// Jest Snapshot v1, https://goo.gl/fbAQLP

exports[`Storyshots TypeScript and Storybook Sample Widget 1`] = `
<div>
  <h1>
    Hello 
    Michael
  </h1>
</div>
`;
